Engine commit: ae55ebe32
Games: 1087 total, 0 done, 1087 to run
Workers: 10 (cores=11, avail_mem=7.6GB, peak_rss=321MB)
  [1/1087] 2021_01_GB_NO: 33.5s, 2 iter
  [2/1087] 2021_01_DAL_TB: 33.6s, 2 iter
  [3/1087] 2021_01_CHI_LA: 33.8s, 2 iter
  [4/1087] 2021_01_LAC_WAS: 34.1s, 2 iter
  [5/1087] 2021_01_CLE_KC: 50.1s, 3 iter
  [6/1087] 2021_01_BAL_LV: 50.6s, 3 iter
  [7/1087] 2021_01_ARI_TEN: 50.6s, 3 iter
  [8/1087] 2021_01_PHI_ATL: 33.9s, 2 iter
  [9/1087] 2021_01_JAX_HOU: 67.9s, 4 iter
  [10/1087] 2021_01_DEN_NYG: 68.0s, 4 iter
  [11/1087] 2021_01_MIA_NE: 68.9s, 4 iter
  [12/1087] 2021_01_NYJ_CAR: 51.1s, 3 iter
  [13/1087] 2021_02_DEN_JAX: 29.5s, 2 iter
  [14/1087] 2021_01_SEA_IND: 50.8s, 3 iter
  [15/1087] 2021_01_SF_DET: 50.9s, 3 iter
  [16/1087] 2021_01_MIN_CIN: 68.5s, 4 iter
  [17/1087] 2021_01_PIT_BUF: 67.9s, 4 iter
  [18/1087] 2021_02_ATL_TB: 58.9s, 4 iter
  [19/1087] 2021_02_CIN_CHI: 50.5s, 4 iter
  [20/1087] 2021_02_BUF_MIA: 56.7s, 4 iter
  [21/1087] 2021_02_DAL_LAC: 84.9s, 6 iter
  [22/1087] 2021_02_DET_GB: 69.8s, 5 iter
  [23/1087] 2021_02_LV_PIT: 54.0s, 4 iter
  [24/1087] 2021_02_MIN_ARI: 57.4s, 4 iter
  [25/1087] 2021_02_NE_NYJ: 52.0s, 4 iter
  [26/1087] 2021_02_KC_BAL: 61.0s, 5 iter
  [27/1087] 2021_02_NYG_WAS: 38.2s, 3 iter
  [28/1087] 2021_02_LA_IND: 61.3s, 5 iter
  [29/1087] 2021_02_NO_CAR: 49.9s, 4 iter
  [30/1087] 2021_02_HOU_CLE: 77.4s, 6 iter
  [31/1087] 2021_03_ARI_JAX: 45.1s, 3 iter
  [32/1087] 2021_03_BAL_DET: 41.5s, 3 iter
  [33/1087] 2021_03_ATL_NYG: 44.1s, 3 iter
  [34/1087] 2021_03_CHI_CLE: 41.9s, 3 iter
  [35/1087] 2021_03_CAR_HOU: 42.8s, 3 iter
  [36/1087] 2021_02_SF_PHI: 56.3s, 4 iter
  [37/1087] 2021_02_TEN_SEA: 60.8s, 4 iter
  [38/1087] 2021_03_CIN_PIT: 55.8s, 4 iter
  [39/1087] 2021_03_GB_SF: 56.4s, 4 iter
  [40/1087] 2021_03_IND_TEN: 53.4s, 4 iter
  [41/1087] 2021_03_LAC_KC: 44.8s, 3 iter
  [42/1087] 2021_03_NO_NE: 43.1s, 3 iter
  [43/1087] 2021_03_MIA_LV: 46.3s, 3 iter
  [44/1087] 2021_03_WAS_BUF: 31.1s, 2 iter
  [45/1087] 2021_03_PHI_DAL: 48.8s, 3 iter
  [46/1087] 2021_03_NYJ_DEN: 54.5s, 4 iter
  [47/1087] 2021_03_SEA_MIN: 59.0s, 4 iter
  [48/1087] 2021_04_BAL_DEN: 42.9s, 3 iter
  [49/1087] 2021_03_TB_LA: 61.0s, 4 iter
  [50/1087] 2021_04_ARI_LA: 61.7s, 4 iter
  [51/1087] 2021_04_CLE_MIN: 43.1s, 3 iter
  [52/1087] 2021_04_DET_CHI: 44.6s, 3 iter
  [53/1087] 2021_04_IND_MIA: 45.1s, 3 iter
  [54/1087] 2021_04_JAX_CIN: 45.9s, 3 iter
  [55/1087] 2021_04_CAR_DAL: 60.4s, 4 iter
  [56/1087] 2021_04_HOU_BUF: 62.4s, 4 iter
  [57/1087] 2021_04_KC_PHI: 49.0s, 3 iter
  [58/1087] 2021_04_LV_LAC: 46.9s, 3 iter
  [59/1087] 2021_04_NYG_NO: 44.5s, 3 iter
  [60/1087] 2021_04_PIT_GB: 46.4s, 3 iter
  [61/1087] 2021_04_SEA_SF: 49.3s, 3 iter
  [62/1087] 2021_04_TB_NE: 53.4s, 3 iter
  [63/1087] 2021_04_WAS_ATL: 53.7s, 3 iter
  [64/1087] 2021_04_TEN_NYJ: 60.7s, 4 iter
  [65/1087] 2021_05_CLE_LAC: 50.4s, 3 iter
  [66/1087] 2021_05_DET_MIN: 49.8s, 3 iter
  [67/1087] 2021_05_BUF_KC: 67.9s, 4 iter
  [68/1087] 2021_05_CHI_LV: 68.0s, 4 iter
  [69/1087] 2021_05_DEN_PIT: 64.4s, 4 iter
  [70/1087] 2021_05_GB_CIN: 60.2s, 4 iter
  [71/1087] 2021_05_MIA_TB: 34.9s, 2 iter
  [72/1087] 2021_05_LA_SEA: 48.6s, 3 iter
  [73/1087] 2021_05_IND_BAL: 61.7s, 4 iter
  [74/1087] 2021_05_NO_WAS: 33.5s, 2 iter
  [75/1087] 2021_05_PHI_CAR: 33.4s, 2 iter
  [76/1087] 2021_05_NYG_DAL: 49.5s, 3 iter
  [77/1087] 2021_05_TEN_JAX: 31.6s, 2 iter
  [78/1087] 2021_06_ARI_CLE: 32.8s, 2 iter
  [79/1087] 2021_05_NE_HOU: 68.8s, 4 iter
  [80/1087] 2021_05_SF_ARI: 49.8s, 3 iter
  [81/1087] 2021_05_NYJ_ATL: 63.6s, 4 iter
  [82/1087] 2021_06_GB_CHI: 29.4s, 2 iter
  [83/1087] 2021_06_DAL_NE: 49.6s, 3 iter
  [84/1087] 2021_06_BUF_TEN: 61.2s, 4 iter
  [85/1087] 2021_06_CIN_DET: 58.0s, 4 iter
  [86/1087] 2021_06_LA_NYG: 31.0s, 2 iter
  [87/1087] 2021_06_HOU_IND: 45.0s, 3 iter
  [88/1087] 2021_06_MIA_JAX: 31.5s, 2 iter
  [89/1087] 2021_06_KC_WAS: 47.7s, 3 iter
  [90/1087] 2021_06_LAC_BAL: 46.7s, 3 iter
  [91/1087] 2021_06_MIN_CAR: 46.3s, 3 iter
  [92/1087] 2021_07_CAR_NYG: 32.3s, 2 iter
  [93/1087] 2021_06_TB_PHI: 34.8s, 2 iter
  [94/1087] 2021_07_ATL_MIA: 34.1s, 2 iter
  [95/1087] 2021_06_LV_DEN: 62.4s, 4 iter
  [96/1087] 2021_06_SEA_PIT: 48.6s, 3 iter
  [97/1087] 2021_07_CHI_TB: 35.4s, 2 iter
  [98/1087] 2021_07_CIN_BAL: 34.2s, 2 iter
  [99/1087] 2021_07_DEN_CLE: 34.8s, 2 iter
  [100/1087] 2021_07_DET_LA: 52.6s, 3 iter
  [101/1087] 2021_07_KC_TEN: 36.8s, 2 iter
  [102/1087] 2021_07_WAS_GB: 34.4s, 2 iter
  [103/1087] 2021_07_PHI_LV: 37.6s, 2 iter
  [104/1087] 2021_07_IND_SF: 51.8s, 3 iter
  [105/1087] 2021_07_NO_SEA: 53.8s, 3 iter
  [106/1087] 2021_07_HOU_ARI: 58.6s, 3 iter
  [107/1087] 2021_07_NYJ_NE: 52.5s, 3 iter
  [108/1087] 2021_08_CIN_NYJ: 48.8s, 3 iter
  [109/1087] 2021_08_CAR_ATL: 53.2s, 3 iter
  [110/1087] 2021_08_GB_ARI: 34.1s, 2 iter
  [111/1087] 2021_08_MIA_BUF: 35.2s, 2 iter
  [112/1087] 2021_08_DAL_MIN: 53.9s, 3 iter
  [113/1087] 2021_08_NE_LAC: 35.2s, 2 iter
  [114/1087] 2021_08_PHI_DET: 35.7s, 2 iter
  [115/1087] 2021_08_JAX_SEA: 52.6s, 3 iter
  [116/1087] 2021_08_PIT_CLE: 33.5s, 2 iter
  [117/1087] 2021_08_LA_HOU: 52.9s, 3 iter
  [118/1087] 2021_08_SF_CHI: 34.0s, 2 iter
  [119/1087] 2021_08_TB_NO: 51.6s, 3 iter
  [120/1087] 2021_08_NYG_KC: 70.7s, 4 iter
  [121/1087] 2021_09_CHI_PIT: 34.5s, 2 iter
  [122/1087] 2021_08_TEN_IND: 48.0s, 3 iter
  [123/1087] 2021_08_WAS_DEN: 50.7s, 3 iter
  [124/1087] 2021_09_ARI_SF: 53.9s, 3 iter
  [125/1087] 2021_09_HOU_MIA: 17.7s, 1 iter
  [126/1087] 2021_09_ATL_NO: 53.2s, 3 iter
  [127/1087] 2021_09_CLE_CIN: 48.3s, 3 iter
  [128/1087] 2021_09_BUF_JAX: 52.4s, 3 iter
  [129/1087] 2021_09_DEN_DAL: 51.3s, 3 iter
  [130/1087] 2021_09_LAC_PHI: 36.2s, 2 iter
  [131/1087] 2021_09_LV_NYG: 36.1s, 2 iter
  [132/1087] 2021_09_NE_CAR: 36.1s, 2 iter
  [133/1087] 2021_09_NYJ_IND: 51.5s, 3 iter
  [134/1087] 2021_09_TEN_LA: 54.1s, 3 iter
  [135/1087] 2021_10_ATL_DAL: 57.9s, 3 iter
  [136/1087] 2021_10_BAL_MIA: 56.4s, 3 iter
  [137/1087] 2021_10_CLE_NE: 37.8s, 2 iter
  [138/1087] 2021_10_CAR_ARI: 40.8s, 2 iter
  [139/1087] 2021_09_GB_KC: 87.6s, 5 iter
  [140/1087] 2021_09_MIN_BAL: 73.3s, 4 iter
  [141/1087] 2021_10_DET_PIT: 36.6s, 2 iter
  [142/1087] 2021_10_BUF_NYJ: 73.7s, 4 iter
  [143/1087] 2021_10_JAX_IND: 35.7s, 2 iter
  [144/1087] 2021_10_KC_LV: 39.9s, 2 iter
  [145/1087] 2021_10_TB_WAS: 39.8s, 2 iter
  [146/1087] 2021_10_LA_SF: 56.4s, 3 iter
  [147/1087] 2021_10_MIN_LAC: 58.8s, 3 iter
  [148/1087] 2021_10_SEA_GB: 55.4s, 3 iter
  [149/1087] 2021_10_NO_TEN: 57.9s, 3 iter
  [150/1087] 2021_10_PHI_DEN: 59.1s, 3 iter
  [151/1087] 2021_11_BAL_CHI: 58.6s, 3 iter
  [152/1087] 2021_11_CIN_LV: 58.0s, 3 iter
  [153/1087] 2021_11_DAL_KC: 60.4s, 3 iter
  [154/1087] 2021_11_ARI_SEA: 84.1s, 4 iter
  [155/1087] 2021_11_DET_CLE: 55.5s, 3 iter
  [156/1087] 2021_11_GB_MIN: 55.9s, 3 iter
  [157/1087] 2021_11_HOU_TEN: 58.0s, 3 iter
  [158/1087] 2021_11_IND_BUF: 57.4s, 3 iter
  [159/1087] 2021_11_MIA_NYJ: 57.5s, 3 iter
  [160/1087] 2021_11_NYG_TB: 40.1s, 2 iter
  [161/1087] 2021_11_SF_JAX: 37.5s, 2 iter
  [162/1087] 2021_12_CHI_DET: 19.2s, 1 iter
  [163/1087] 2021_11_NE_ATL: 79.5s, 4 iter
  [164/1087] 2021_12_ATL_JAX: 39.0s, 2 iter
  [165/1087] 2021_11_PIT_LAC: 57.7s, 3 iter
  [166/1087] 2021_12_BUF_NO: 39.3s, 2 iter
  [167/1087] 2021_12_CAR_MIA: 39.2s, 2 iter
  [168/1087] 2021_11_NO_PHI: 80.9s, 4 iter
  [169/1087] 2021_11_WAS_CAR: 58.7s, 3 iter
  [170/1087] 2021_12_LA_GB: 36.5s, 2 iter
  [171/1087] 2021_12_CLE_BAL: 54.2s, 3 iter
  [172/1087] 2021_12_LAC_DEN: 55.5s, 3 iter
  [173/1087] 2021_12_SEA_WAS: 39.5s, 2 iter
  [174/1087] 2021_12_LV_DAL: 59.8s, 3 iter
  [175/1087] 2021_12_MIN_SF: 57.1s, 3 iter
  [176/1087] 2021_12_NYJ_HOU: 56.6s, 3 iter
  [177/1087] 2021_12_PIT_CIN: 54.1s, 3 iter
  [178/1087] 2021_12_PHI_NYG: 59.8s, 3 iter
  [179/1087] 2021_13_ARI_CHI: 40.6s, 2 iter
  [180/1087] 2021_12_TEN_NE: 57.4s, 3 iter
  [181/1087] 2021_12_TB_IND: 75.2s, 4 iter
  [182/1087] 2021_13_PHI_NYJ: 0.1s, 0 iter [NOT CONVERGED]
  [183/1087] 2021_13_BAL_PIT: 56.4s, 3 iter
  [184/1087] 2021_13_LAC_CIN: 38.0s, 2 iter
  [185/1087] 2021_13_DAL_NO: 62.5s, 3 iter
  [186/1087] 2021_13_DEN_KC: 61.3s, 3 iter
  [187/1087] 2021_13_IND_HOU: 61.1s, 3 iter
  [188/1087] 2021_13_JAX_LA: 64.3s, 3 iter
  [189/1087] 2021_13_MIN_DET: 68.2s, 3 iter
  [190/1087] 2021_13_SF_SEA: 49.1s, 2 iter
  [191/1087] 2021_13_NYG_MIA: 77.3s, 3 iter
  [192/1087] 2021_14_BAL_CLE: 52.0s, 2 iter
  [193/1087] 2021_13_NE_BUF: 97.2s, 4 iter
  [194/1087] 2021_14_BUF_TB: 52.7s, 2 iter
  [195/1087] 2021_13_WAS_LV: 75.7s, 3 iter
  [196/1087] 2021_14_DAL_WAS: 47.4s, 2 iter
  [197/1087] 2021_14_ATL_CAR: 72.2s, 3 iter
  [198/1087] 2021_14_CHI_GB: 65.6s, 3 iter
  [199/1087] 2021_14_LA_ARI: 40.8s, 2 iter
  [200/1087] 2021_13_TB_ATL: 118.6s, 5 iter
  [201/1087] 2021_14_DET_DEN: 82.7s, 4 iter
  [202/1087] 2021_14_JAX_TEN: 58.5s, 3 iter
  [203/1087] 2021_14_PIT_MIN: 40.1s, 2 iter
  [204/1087] 2021_14_LV_KC: 62.6s, 3 iter
  [205/1087] 2021_14_NYG_LAC: 61.7s, 3 iter
  [206/1087] 2021_14_NO_NYJ: 79.2s, 4 iter
  [207/1087] 2021_14_SF_CIN: 76.7s, 4 iter
  [208/1087] 2021_15_ARI_DET: 63.4s, 3 iter
  [209/1087] 2021_15_ATL_SF: 60.5s, 3 iter
  [210/1087] 2021_15_CIN_DEN: 58.5s, 3 iter
  [211/1087] 2021_15_CAR_BUF: 62.4s, 3 iter
  [212/1087] 2021_15_GB_BAL: 57.6s, 3 iter
  [213/1087] 2021_14_SEA_HOU: 107.5s, 5 iter
  [214/1087] 2021_15_KC_LAC: 41.5s, 2 iter
  [215/1087] 2021_15_HOU_JAX: 63.4s, 3 iter
  [216/1087] 2021_15_DAL_NYG: 85.7s, 4 iter
  [217/1087] 2021_15_NE_IND: 39.0s, 2 iter
  [218/1087] 2021_15_SEA_LA: 40.2s, 2 iter
  [219/1087] 2021_15_MIN_CHI: 61.8s, 3 iter
  [220/1087] 2021_15_NYJ_MIA: 61.4s, 3 iter
  [221/1087] 2021_15_LV_CLE: 81.5s, 4 iter
  [222/1087] 2021_15_TEN_PIT: 57.6s, 3 iter
  [223/1087] 2021_15_NO_TB: 82.3s, 4 iter
  [224/1087] 2021_16_BUF_NE: 59.4s, 3 iter
  [225/1087] 2021_16_DEN_LV: 38.8s, 2 iter
  [226/1087] 2021_16_CHI_SEA: 60.4s, 3 iter
  [227/1087] 2021_15_WAS_PHI: 82.7s, 4 iter
  [228/1087] 2021_16_BAL_CIN: 74.8s, 4 iter
  [229/1087] 2021_16_CLE_GB: 53.5s, 3 iter
  [230/1087] 2021_16_IND_ARI: 37.7s, 2 iter
  [231/1087] 2021_16_JAX_NYJ: 37.0s, 2 iter
  [232/1087] 2021_16_DET_ATL: 56.9s, 3 iter
  [233/1087] 2021_16_LAC_HOU: 57.8s, 3 iter
  [234/1087] 2021_16_TB_CAR: 38.3s, 2 iter
  [235/1087] 2021_16_LA_MIN: 56.9s, 3 iter
  [236/1087] 2021_17_ARI_DAL: 40.3s, 2 iter
  [237/1087] 2021_16_SF_TEN: 54.1s, 3 iter
  [238/1087] 2021_16_PIT_KC: 57.1s, 3 iter
  [239/1087] 2021_16_NYG_PHI: 58.9s, 3 iter
  [240/1087] 2021_17_ATL_BUF: 38.2s, 2 iter
  [241/1087] 2021_16_WAS_DAL: 59.7s, 3 iter
  [242/1087] 2021_16_MIA_NO: 77.5s, 4 iter
  [243/1087] 2021_17_CAR_NO: 38.2s, 2 iter
  [244/1087] 2021_17_CLE_PIT: 36.5s, 2 iter
  [245/1087] 2021_17_HOU_SF: 36.7s, 2 iter
  [246/1087] 2021_17_LV_IND: 36.2s, 2 iter
  [247/1087] 2021_17_DET_SEA: 57.8s, 3 iter
  [248/1087] 2021_17_MIA_TEN: 37.9s, 2 iter
  [249/1087] 2021_17_KC_CIN: 55.3s, 3 iter
  [250/1087] 2021_17_LA_BAL: 55.7s, 3 iter
  [251/1087] 2021_17_DEN_LAC: 74.9s, 4 iter
  [252/1087] 2021_17_JAX_NE: 75.6s, 4 iter
  [253/1087] 2021_18_CAR_TB: 38.4s, 2 iter
  [254/1087] 2021_17_PHI_WAS: 58.7s, 3 iter
  [255/1087] 2021_17_MIN_GB: 72.5s, 4 iter
  [256/1087] 2021_17_NYG_CHI: 76.4s, 4 iter
  [257/1087] 2021_18_DAL_PHI: 39.9s, 2 iter
  [258/1087] 2021_17_TB_NYJ: 57.2s, 3 iter
  [259/1087] 2021_18_CIN_CLE: 54.6s, 3 iter
  [260/1087] 2021_18_CHI_MIN: 57.2s, 3 iter
  [261/1087] 2021_18_GB_DET: 52.4s, 3 iter
  [262/1087] 2021_18_LAC_LV: 38.1s, 2 iter
  [263/1087] 2021_18_SEA_ARI: 20.3s, 1 iter
  [264/1087] 2021_18_PIT_BAL: 37.1s, 2 iter
  [265/1087] 2021_18_KC_DEN: 57.6s, 3 iter
  [266/1087] 2021_18_IND_JAX: 72.5s, 4 iter
  [267/1087] 2021_18_NE_MIA: 59.0s, 3 iter
  [268/1087] 2021_18_TEN_HOU: 38.1s, 2 iter
  [269/1087] 2021_18_NO_ATL: 58.8s, 3 iter
  [270/1087] 2021_18_NYJ_BUF: 58.4s, 3 iter
  [271/1087] 2021_18_SF_LA: 57.3s, 3 iter
  [272/1087] 2022_01_KC_ARI: 71.7s, 3 iter
  [273/1087] 2021_18_WAS_NYG: 105.9s, 5 iter
  [274/1087] 2022_01_BUF_LA: 96.3s, 4 iter
  [275/1087] 2022_01_LV_LAC: 72.6s, 3 iter
  [276/1087] 2022_01_CLE_CAR: 96.7s, 4 iter
  [277/1087] 2022_01_BAL_NYJ: 119.4s, 5 iter
  [278/1087] 2022_01_GB_MIN: 96.6s, 4 iter
  [279/1087] 2022_01_IND_HOU: 96.5s, 4 iter
  [280/1087] 2022_01_DEN_SEA: 121.9s, 5 iter
  [281/1087] 2022_01_JAX_WAS: 122.8s, 5 iter
  [282/1087] 2022_02_CAR_NYG: 45.4s, 2 iter
  [283/1087] 2022_02_ARI_LV: 74.6s, 3 iter
  [284/1087] 2022_01_NE_MIA: 110.6s, 4 iter
  [285/1087] 2022_01_NO_ATL: 109.6s, 4 iter
  [286/1087] 2022_01_NYG_TEN: 110.5s, 4 iter
  [287/1087] 2022_01_PHI_DET: 108.9s, 4 iter
  [288/1087] 2022_01_PIT_CIN: 108.7s, 4 iter
  [289/1087] 2022_02_ATL_LA: 95.3s, 4 iter
  [290/1087] 2022_01_TB_DAL: 131.3s, 5 iter
  [291/1087] 2022_02_IND_JAX: 39.6s, 2 iter
  [292/1087] 2022_02_MIN_PHI: 37.1s, 2 iter
  [293/1087] 2022_02_MIA_BAL: 56.9s, 3 iter
  [294/1087] 2022_02_CHI_GB: 80.7s, 4 iter
  [295/1087] 2022_02_LAC_KC: 58.5s, 3 iter
  [296/1087] 2022_02_HOU_DEN: 81.6s, 4 iter
  [297/1087] 2022_02_TB_NO: 38.4s, 2 iter
  [298/1087] 2022_02_CIN_DAL: 102.0s, 5 iter
  [299/1087] 2022_01_SF_CHI: 181.9s, 7 iter
  [300/1087] 2022_02_NE_PIT: 74.0s, 4 iter
  [301/1087] 2022_02_NYJ_CLE: 59.0s, 3 iter
  [302/1087] 2022_02_WAS_DET: 36.8s, 2 iter
  [303/1087] 2022_03_ATL_SEA: 38.6s, 2 iter
  [304/1087] 2022_02_SEA_SF: 76.8s, 4 iter
  [305/1087] 2022_02_TEN_BUF: 72.1s, 4 iter
  [306/1087] 2022_03_BAL_NE: 59.9s, 3 iter
  [307/1087] 2022_03_DAL_NYG: 58.9s, 3 iter
  [308/1087] 2022_03_GB_TB: 54.1s, 3 iter
  [309/1087] 2022_03_BUF_MIA: 74.2s, 4 iter
  [310/1087] 2022_03_KC_IND: 39.6s, 2 iter
  [311/1087] 2022_03_CIN_NYJ: 73.4s, 4 iter
  [312/1087] 2022_03_HOU_CHI: 62.3s, 3 iter
  [313/1087] 2022_03_JAX_LAC: 59.9s, 3 iter
  [314/1087] 2022_03_DET_MIN: 71.5s, 4 iter
  [315/1087] 2022_03_LV_TEN: 38.1s, 2 iter
  [316/1087] 2022_03_LA_ARI: 45.1s, 2 iter
  [317/1087] 2022_04_ARI_CAR: 40.0s, 2 iter
  [318/1087] 2022_03_NO_CAR: 61.4s, 3 iter
  [319/1087] 2022_03_SF_DEN: 57.2s, 3 iter
  [320/1087] 2022_04_BUF_BAL: 59.2s, 3 iter
  [321/1087] 2022_04_CLE_ATL: 58.4s, 3 iter
  [322/1087] 2022_04_CHI_NYG: 63.3s, 3 iter
  [323/1087] 2022_03_PHI_WAS: 83.1s, 4 iter
  [324/1087] 2022_03_PIT_CLE: 79.0s, 4 iter
  [325/1087] 2022_04_DEN_LV: 75.8s, 4 iter
  [326/1087] 2022_04_KC_TB: 58.6s, 3 iter
  [327/1087] 2022_04_JAX_PHI: 84.1s, 4 iter
  [328/1087] 2022_04_LAC_HOU: 59.6s, 3 iter
  [329/1087] 2022_04_MIN_NO: 60.8s, 3 iter
  [330/1087] 2022_04_TEN_IND: 39.1s, 2 iter
  [331/1087] 2022_04_NYJ_PIT: 59.6s, 3 iter
  [332/1087] 2022_04_LA_SF: 79.9s, 4 iter
  [333/1087] 2022_04_SEA_DET: 59.1s, 3 iter
  [334/1087] 2022_04_MIA_CIN: 75.3s, 4 iter
  [335/1087] 2022_04_NE_GB: 76.6s, 4 iter
  [336/1087] 2022_04_WAS_DAL: 58.0s, 3 iter
  [337/1087] 2022_05_ATL_TB: 58.2s, 3 iter
  [338/1087] 2022_05_CIN_BAL: 38.3s, 2 iter
  [339/1087] 2022_05_CHI_MIN: 61.9s, 3 iter
  [340/1087] 2022_05_HOU_JAX: 40.4s, 2 iter
  [341/1087] 2022_05_LV_KC: 40.9s, 2 iter
  [342/1087] 2022_05_DAL_LA: 62.2s, 3 iter
  [343/1087] 2022_05_DET_NE: 61.2s, 3 iter
  [344/1087] 2022_05_MIA_NYJ: 41.2s, 2 iter
  [345/1087] 2022_05_IND_DEN: 60.5s, 3 iter
  [346/1087] 2022_05_LAC_CLE: 62.2s, 3 iter
  [347/1087] 2022_05_NYG_GB: 39.6s, 2 iter
  [348/1087] 2022_05_PHI_ARI: 42.5s, 2 iter
  [349/1087] 2022_05_PIT_BUF: 63.9s, 3 iter
  [350/1087] 2022_06_BAL_NYG: 40.7s, 2 iter
  [351/1087] 2022_06_BUF_KC: 41.0s, 2 iter
  [352/1087] 2022_05_SEA_NO: 64.4s, 3 iter
  [353/1087] 2022_06_CIN_NO: 40.8s, 2 iter
  [354/1087] 2022_05_TEN_WAS: 56.7s, 3 iter
  [355/1087] 2022_06_ARI_SEA: 62.8s, 3 iter
  [356/1087] 2022_06_CAR_LA: 61.7s, 3 iter
  [357/1087] 2022_05_SF_CAR: 80.7s, 4 iter
  [358/1087] 2022_06_DAL_PHI: 62.5s, 3 iter
  [359/1087] 2022_06_NYJ_GB: 36.7s, 2 iter
  [360/1087] 2022_06_DEN_LAC: 61.5s, 3 iter
  [361/1087] 2022_06_MIN_MIA: 61.8s, 3 iter
  [362/1087] 2022_06_JAX_IND: 65.3s, 3 iter
  [363/1087] 2022_07_ATL_CIN: 43.5s, 2 iter
  [364/1087] 2022_06_SF_ATL: 62.5s, 3 iter
  [365/1087] 2022_06_WAS_CHI: 66.2s, 3 iter
  [366/1087] 2022_06_NE_CLE: 89.6s, 4 iter
  [367/1087] 2022_07_CHI_NE: 72.3s, 3 iter
  [368/1087] 2022_07_HOU_LV: 46.2s, 2 iter
  [369/1087] 2022_06_TB_PIT: 93.0s, 4 iter
  [370/1087] 2022_07_DET_DAL: 66.3s, 3 iter
  [371/1087] 2022_07_GB_WAS: 62.9s, 3 iter
  [372/1087] 2022_07_CLE_BAL: 89.3s, 4 iter
  [373/1087] 2022_07_IND_TEN: 63.5s, 3 iter
  [374/1087] 2022_07_NYG_JAX: 42.5s, 2 iter
  [375/1087] 2022_07_KC_SF: 65.1s, 3 iter
  [376/1087] 2022_07_NO_ARI: 64.6s, 3 iter
  [377/1087] 2022_07_SEA_LAC: 41.3s, 2 iter
  [378/1087] 2022_07_NYJ_DEN: 59.8s, 3 iter
  [379/1087] 2022_08_BAL_TB: 39.7s, 2 iter
  [380/1087] 2022_08_CIN_CLE: 40.6s, 2 iter
  [381/1087] 2022_08_ARI_MIN: 61.8s, 3 iter
  [382/1087] 2022_07_TB_CAR: 63.1s, 3 iter
  [383/1087] 2022_07_PIT_MIA: 79.3s, 4 iter
  [384/1087] 2022_08_GB_BUF: 38.4s, 2 iter
  [385/1087] 2022_08_CAR_ATL: 60.8s, 3 iter
  [386/1087] 2022_08_DEN_JAX: 40.4s, 2 iter
  [387/1087] 2022_08_CHI_DAL: 61.9s, 3 iter
  [388/1087] 2022_08_LV_NO: 40.5s, 2 iter
  [389/1087] 2022_08_MIA_DET: 58.1s, 3 iter
  [390/1087] 2022_08_TEN_HOU: 38.3s, 2 iter
  [391/1087] 2022_08_WAS_IND: 41.0s, 2 iter
  [392/1087] 2022_09_BUF_NYJ: 40.7s, 2 iter
  [393/1087] 2022_08_NE_NYJ: 61.7s, 3 iter
  [394/1087] 2022_08_PIT_PHI: 62.8s, 3 iter
  [395/1087] 2022_08_NYG_SEA: 63.6s, 3 iter
  [396/1087] 2022_08_SF_LA: 60.6s, 3 iter
  [397/1087] 2022_09_BAL_NO: 60.0s, 3 iter
  [398/1087] 2022_09_CAR_CIN: 60.5s, 3 iter
  [399/1087] 2022_09_LA_TB: 40.5s, 2 iter
  [400/1087] 2022_09_GB_DET: 55.7s, 3 iter
  [401/1087] 2022_09_MIA_CHI: 37.9s, 2 iter
  [402/1087] 2022_09_IND_NE: 61.4s, 3 iter
  [403/1087] 2022_09_SEA_ARI: 39.1s, 2 iter
  [404/1087] 2022_09_LAC_ATL: 59.1s, 3 iter
  [405/1087] 2022_09_LV_JAX: 56.5s, 3 iter
  [406/1087] 2022_09_MIN_WAS: 54.7s, 3 iter
  [407/1087] 2022_09_PHI_HOU: 55.2s, 3 iter
  [408/1087] 2022_10_CLE_MIA: 32.0s, 2 iter
  [409/1087] 2022_10_DAL_GB: 30.9s, 2 iter
  [410/1087] 2022_10_DET_CHI: 32.0s, 2 iter
  [411/1087] 2022_09_TEN_KC: 66.5s, 4 iter
  [412/1087] 2022_10_ATL_CAR: 48.2s, 3 iter
  [413/1087] 2022_10_DEN_TEN: 46.2s, 3 iter
  [414/1087] 2022_10_ARI_LA: 67.2s, 4 iter
  [415/1087] 2022_10_HOU_NYG: 46.2s, 3 iter
  [416/1087] 2022_10_IND_LV: 48.4s, 3 iter
  [417/1087] 2022_10_SEA_TB: 33.2s, 2 iter
  [418/1087] 2022_10_WAS_PHI: 32.0s, 2 iter
  [419/1087] 2022_10_LAC_SF: 48.6s, 3 iter
  [420/1087] 2022_10_JAX_KC: 65.1s, 4 iter
  [421/1087] 2022_10_MIN_BUF: 49.1s, 3 iter
  [422/1087] 2022_10_NO_PIT: 49.0s, 3 iter
  [423/1087] 2022_11_CLE_BUF: 32.2s, 2 iter
  [424/1087] 2022_11_LA_NO: 16.1s, 1 iter
  [425/1087] 2022_11_CHI_ATL: 46.5s, 3 iter
  [426/1087] 2022_11_DAL_MIN: 33.8s, 2 iter
  [427/1087] 2022_11_CAR_BAL: 63.3s, 4 iter
  [428/1087] 2022_11_CIN_PIT: 64.3s, 4 iter
  [429/1087] 2022_11_DET_NYG: 49.6s, 3 iter
  [430/1087] 2022_11_PHI_IND: 33.4s, 2 iter
  [431/1087] 2022_11_KC_LAC: 51.2s, 3 iter
  [432/1087] 2022_11_TEN_GB: 29.2s, 2 iter
  [433/1087] 2022_11_LV_DEN: 48.0s, 3 iter
  [434/1087] 2022_12_ATL_WAS: 31.0s, 2 iter
  [435/1087] 2022_11_NYJ_NE: 65.7s, 4 iter
  [436/1087] 2022_11_WAS_HOU: 45.6s, 3 iter
  [437/1087] 2022_11_SF_ARI: 64.1s, 4 iter
  [438/1087] 2022_12_GB_PHI: 31.7s, 2 iter
  [439/1087] 2022_12_BAL_JAX: 47.5s, 3 iter
  [440/1087] 2022_12_BUF_DET: 48.9s, 3 iter
  [441/1087] 2022_12_CIN_TEN: 44.9s, 3 iter
  [442/1087] 2022_12_DEN_CAR: 49.0s, 3 iter
  [443/1087] 2022_12_LV_SEA: 31.4s, 2 iter
  [444/1087] 2022_12_LAC_ARI: 50.9s, 3 iter
  [445/1087] 2022_12_HOU_MIA: 62.2s, 4 iter
  [446/1087] 2022_12_NYG_DAL: 33.3s, 2 iter
  [447/1087] 2022_12_CHI_NYJ: 82.4s, 5 iter
  [448/1087] 2022_12_NE_MIN: 49.4s, 3 iter
  [449/1087] 2022_12_NO_SF: 47.0s, 3 iter
  [450/1087] 2022_12_PIT_IND: 50.6s, 3 iter
  [451/1087] 2022_12_TB_CLE: 49.0s, 3 iter
  [452/1087] 2022_12_LA_KC: 82.0s, 5 iter
  [453/1087] 2022_13_GB_CHI: 31.2s, 2 iter
  [454/1087] 2022_13_BUF_NE: 50.1s, 3 iter
  [455/1087] 2022_13_IND_DAL: 33.4s, 2 iter
  [456/1087] 2022_13_JAX_DET: 33.0s, 2 iter
  [457/1087] 2022_13_CLE_HOU: 47.2s, 3 iter
  [458/1087] 2022_13_DEN_BAL: 48.9s, 3 iter
  [459/1087] 2022_13_KC_CIN: 49.2s, 3 iter
  [460/1087] 2022_13_NO_TB: 32.9s, 2 iter
  [461/1087] 2022_13_LAC_LV: 49.1s, 3 iter
  [462/1087] 2022_13_MIA_SF: 47.1s, 3 iter
  [463/1087] 2022_13_TEN_PHI: 31.8s, 2 iter
  [464/1087] 2022_13_WAS_NYG: 32.8s, 2 iter
  [465/1087] 2022_13_NYJ_MIN: 49.4s, 3 iter
  [466/1087] 2022_13_PIT_ATL: 48.7s, 3 iter
  [467/1087] 2022_13_SEA_LA: 49.3s, 3 iter
  [468/1087] 2022_14_HOU_DAL: 33.1s, 2 iter
  [469/1087] 2022_14_JAX_TEN: 31.7s, 2 iter
  [470/1087] 2022_14_CAR_SEA: 49.3s, 3 iter
  [471/1087] 2022_14_CLE_CIN: 47.6s, 3 iter
  [472/1087] 2022_14_BAL_PIT: 67.1s, 4 iter
  [473/1087] 2022_14_LV_LA: 48.4s, 3 iter
  [474/1087] 2022_14_MIN_DET: 48.8s, 3 iter
  [475/1087] 2022_14_NE_ARI: 50.4s, 3 iter
  [476/1087] 2022_14_KC_DEN: 68.0s, 4 iter
  [477/1087] 2022_14_MIA_LAC: 65.2s, 4 iter
  [478/1087] 2022_15_ATL_NO: 31.4s, 2 iter
  [479/1087] 2022_14_NYJ_BUF: 48.7s, 3 iter
  [480/1087] 2022_14_TB_SF: 48.7s, 3 iter
  [481/1087] 2022_15_ARI_DEN: 51.3s, 3 iter
  [482/1087] 2022_14_PHI_NYG: 67.5s, 4 iter
  [483/1087] 2022_15_IND_MIN: 32.7s, 2 iter
  [484/1087] 2022_15_CIN_TB: 47.0s, 3 iter
  [485/1087] 2022_15_DET_NYJ: 47.9s, 3 iter
  [486/1087] 2022_15_DAL_JAX: 49.5s, 3 iter
  [487/1087] 2022_15_BAL_CLE: 63.8s, 4 iter
  [488/1087] 2022_15_LA_GB: 46.9s, 3 iter
  [489/1087] 2022_15_KC_HOU: 50.3s, 3 iter
  [490/1087] 2022_15_NYG_WAS: 34.2s, 2 iter
  [491/1087] 2022_15_MIA_BUF: 49.5s, 3 iter
  [492/1087] 2022_15_NE_LV: 51.6s, 3 iter
  [493/1087] 2022_15_TEN_LAC: 36.3s, 2 iter
  [494/1087] 2022_16_CIN_NE: 35.1s, 2 iter
  [495/1087] 2022_16_DET_CAR: 35.7s, 2 iter
  [496/1087] 2022_15_SF_SEA: 54.8s, 3 iter
  [497/1087] 2022_16_GB_MIA: 32.3s, 2 iter
  [498/1087] 2022_15_PHI_CHI: 72.2s, 4 iter
  [499/1087] 2022_15_PIT_CAR: 70.6s, 4 iter
  [500/1087] 2022_16_DEN_LA: 53.0s, 3 iter
  [501/1087] 2022_16_BUF_CHI: 69.7s, 4 iter
  [502/1087] 2022_16_LAC_IND: 34.9s, 2 iter
  [503/1087] 2022_16_NYG_MIN: 34.2s, 2 iter
  [504/1087] 2022_16_HOU_TEN: 64.1s, 4 iter
  [505/1087] 2022_16_ATL_BAL: 102.0s, 6 iter
  [506/1087] 2022_16_JAX_NYJ: 66.7s, 4 iter
  [507/1087] 2022_16_WAS_SF: 32.5s, 2 iter
  [508/1087] 2022_16_SEA_KC: 51.9s, 3 iter
  [509/1087] 2022_16_LV_PIT: 66.4s, 4 iter
  [510/1087] 2022_16_TB_ARI: 52.3s, 3 iter
  [511/1087] 2022_16_PHI_DAL: 69.4s, 4 iter
  [512/1087] 2022_17_CHI_DET: 33.4s, 2 iter
  [513/1087] 2022_17_CLE_WAS: 33.0s, 2 iter
  [514/1087] 2022_17_CAR_TB: 51.0s, 3 iter
  [515/1087] 2022_16_NO_CLE: 100.4s, 6 iter
  [516/1087] 2022_17_ARI_ATL: 68.1s, 4 iter
  [517/1087] 2022_17_MIA_NE: 33.6s, 2 iter
  [518/1087] 2022_17_DEN_KC: 53.1s, 3 iter
  [519/1087] 2022_17_IND_NYG: 53.0s, 3 iter
  [520/1087] 2022_17_MIN_GB: 31.9s, 2 iter
  [521/1087] 2022_17_JAX_HOU: 49.2s, 3 iter
  [522/1087] 2022_17_NO_PHI: 33.4s, 2 iter
  [523/1087] 2022_17_LA_LAC: 51.4s, 3 iter
  [524/1087] 2022_17_NYJ_SEA: 31.7s, 2 iter
  [525/1087] 2022_17_DAL_TEN: 82.6s, 5 iter
  [526/1087] 2022_17_SF_LV: 47.2s, 3 iter
  [527/1087] 2022_18_DAL_WAS: 33.0s, 2 iter
  [528/1087] 2022_18_HOU_IND: 32.8s, 2 iter
  [529/1087] 2022_18_ARI_SF: 49.7s, 3 iter
  [530/1087] 2022_18_CAR_NO: 47.9s, 3 iter
  [531/1087] 2022_18_CLE_PIT: 49.2s, 3 iter
  [532/1087] 2022_18_DET_GB: 46.4s, 3 iter
  [533/1087] 2022_17_PIT_BAL: 66.0s, 4 iter
  [534/1087] 2022_18_KC_LV: 33.0s, 2 iter
  [535/1087] 2022_18_BAL_CIN: 63.4s, 4 iter
  [536/1087] 2022_18_LA_SEA: 32.2s, 2 iter
  [537/1087] 2022_18_MIN_CHI: 48.5s, 3 iter
  [538/1087] 2022_18_NE_BUF: 49.3s, 3 iter
  [539/1087] 2022_18_NYJ_MIA: 47.5s, 3 iter
  [540/1087] 2022_18_TEN_JAX: 48.1s, 3 iter
  [541/1087] 2022_18_LAC_DEN: 70.7s, 4 iter
  [542/1087] 2022_18_NYG_PHI: 70.1s, 4 iter
  [543/1087] 2023_01_BUF_NYJ: 79.4s, 4 iter
  [544/1087] 2022_18_TB_ATL: 97.6s, 6 iter
  [545/1087] 2023_01_CIN_CLE: 78.6s, 4 iter
  [546/1087] 2023_01_DET_KC: 79.2s, 4 iter
  [547/1087] 2023_01_HOU_BAL: 78.1s, 4 iter
  [548/1087] 2023_01_DAL_NYG: 98.5s, 5 iter
  [549/1087] 2023_01_JAX_IND: 76.4s, 4 iter
  [550/1087] 2023_01_ARI_WAS: 138.4s, 7 iter
  [551/1087] 2023_01_CAR_ATL: 138.6s, 7 iter
  [552/1087] 2023_01_LA_SEA: 75.1s, 4 iter
  [553/1087] 2023_01_GB_CHI: 136.6s, 7 iter
  [554/1087] 2023_02_BAL_CIN: 46.4s, 3 iter
  [555/1087] 2023_01_MIA_LAC: 74.3s, 4 iter
  [556/1087] 2023_01_LV_DEN: 95.1s, 5 iter
  [557/1087] 2023_01_PHI_NE: 74.0s, 4 iter
  [558/1087] 2023_02_CHI_TB: 48.0s, 3 iter
  [559/1087] 2023_01_TB_MIN: 75.4s, 4 iter
  [560/1087] 2023_01_TEN_NO: 75.4s, 4 iter
  [561/1087] 2023_02_LAC_TEN: 31.1s, 2 iter
  [562/1087] 2023_01_SF_PIT: 95.0s, 5 iter
  [563/1087] 2023_02_GB_ATL: 47.9s, 3 iter
  [564/1087] 2023_02_MIA_NE: 35.7s, 2 iter
  [565/1087] 2023_02_IND_HOU: 55.2s, 3 iter
  [566/1087] 2023_02_LV_BUF: 45.8s, 3 iter
  [567/1087] 2023_02_NO_CAR: 32.4s, 2 iter
  [568/1087] 2023_02_CLE_PIT: 89.0s, 5 iter
  [569/1087] 2023_02_KC_JAX: 66.4s, 4 iter
  [570/1087] 2023_02_WAS_DEN: 33.2s, 2 iter
  [571/1087] 2023_02_MIN_PHI: 63.7s, 4 iter
  [572/1087] 2023_03_BUF_WAS: 32.0s, 2 iter
  [573/1087] 2023_02_SEA_DET: 49.4s, 3 iter
  [574/1087] 2023_02_NYG_ARI: 59.0s, 4 iter
  [575/1087] 2023_02_SF_LA: 45.1s, 3 iter
  [576/1087] 2023_03_DAL_ARI: 16.7s, 1 iter
  [577/1087] 2023_03_ATL_DET: 49.9s, 3 iter
  [578/1087] 2023_03_CAR_SEA: 48.0s, 3 iter
  [579/1087] 2023_02_NYJ_DAL: 69.5s, 4 iter
  [580/1087] 2023_03_CHI_KC: 50.0s, 3 iter
  [581/1087] 2023_03_DEN_MIA: 32.1s, 2 iter
  [582/1087] 2023_03_HOU_JAX: 33.9s, 2 iter
  [583/1087] 2023_03_NYG_SF: 32.1s, 2 iter
  [584/1087] 2023_03_LAC_MIN: 50.2s, 3 iter
  [585/1087] 2023_03_LA_CIN: 47.4s, 3 iter
  [586/1087] 2023_03_IND_BAL: 52.8s, 3 iter
  [587/1087] 2023_03_TEN_CLE: 32.3s, 2 iter
  [588/1087] 2023_03_NO_GB: 48.7s, 3 iter
  [589/1087] 2023_03_PIT_LV: 47.7s, 3 iter
  [590/1087] 2023_04_DEN_CHI: 31.1s, 2 iter
  [591/1087] 2023_04_ARI_SF: 61.7s, 4 iter
  [592/1087] 2023_04_KC_NYJ: 32.4s, 2 iter
  [593/1087] 2023_03_PHI_TB: 80.7s, 5 iter
  [594/1087] 2023_04_ATL_JAX: 49.9s, 3 iter
  [595/1087] 2023_04_CIN_TEN: 45.7s, 3 iter
  [596/1087] 2023_03_NE_NYJ: 86.8s, 5 iter
  [597/1087] 2023_04_BAL_CLE: 49.5s, 3 iter
  [598/1087] 2023_04_DET_GB: 46.1s, 3 iter
  [599/1087] 2023_04_LA_IND: 33.1s, 2 iter
  [600/1087] 2023_04_MIA_BUF: 31.4s, 2 iter
  [601/1087] 2023_04_PIT_HOU: 32.1s, 2 iter
  [602/1087] 2023_04_LV_LAC: 49.7s, 3 iter
  [603/1087] 2023_05_CAR_DET: 31.2s, 2 iter
  [604/1087] 2023_04_MIN_CAR: 46.9s, 3 iter
  [605/1087] 2023_04_SEA_NYG: 46.8s, 3 iter
  [606/1087] 2023_04_TB_NO: 49.5s, 3 iter
  [607/1087] 2023_04_WAS_PHI: 48.0s, 3 iter
  [608/1087] 2023_04_NE_DAL: 54.7s, 3 iter
  [609/1087] 2023_05_BAL_PIT: 48.0s, 3 iter
  [610/1087] 2023_05_CHI_WAS: 45.2s, 3 iter
  [611/1087] 2023_05_CIN_ARI: 46.6s, 3 iter
  [612/1087] 2023_05_KC_MIN: 32.6s, 2 iter
  [613/1087] 2023_05_NYG_MIA: 31.3s, 2 iter
  [614/1087] 2023_05_NYJ_DEN: 31.0s, 2 iter
  [615/1087] 2023_05_HOU_ATL: 49.6s, 3 iter
  [616/1087] 2023_05_JAX_BUF: 47.0s, 3 iter
  [617/1087] 2023_05_DAL_SF: 65.2s, 4 iter
  [618/1087] 2023_05_GB_LV: 61.9s, 4 iter
  [619/1087] 2023_05_NO_NE: 53.4s, 3 iter
  [620/1087] 2023_05_PHI_LA: 32.7s, 2 iter
  [621/1087] 2023_06_DEN_KC: 31.9s, 2 iter
  [622/1087] 2023_05_TEN_IND: 48.0s, 3 iter
  [623/1087] 2023_06_ARI_LA: 47.0s, 3 iter
  [624/1087] 2023_06_BAL_TEN: 46.2s, 3 iter
  [625/1087] 2023_06_IND_JAX: 32.8s, 2 iter
  [626/1087] 2023_06_CAR_MIA: 47.7s, 3 iter
  [627/1087] 2023_06_DAL_LAC: 52.5s, 3 iter
  [628/1087] 2023_06_DET_TB: 48.0s, 3 iter
  [629/1087] 2023_06_MIN_CHI: 46.8s, 3 iter
  [630/1087] 2023_06_NYG_BUF: 31.3s, 2 iter
  [631/1087] 2023_06_NE_LV: 52.7s, 3 iter
  [632/1087] 2023_06_PHI_NYJ: 32.0s, 2 iter
  [633/1087] 2023_06_NO_HOU: 52.2s, 3 iter
  [634/1087] 2023_06_SEA_CIN: 48.5s, 3 iter
  [635/1087] 2023_06_WAS_ATL: 47.0s, 3 iter
  [636/1087] 2023_07_DET_BAL: 32.0s, 2 iter
  [637/1087] 2023_07_ARI_SEA: 49.6s, 3 iter
  [638/1087] 2023_07_ATL_TB: 49.5s, 3 iter
  [639/1087] 2023_06_SF_CLE: 66.0s, 4 iter
  [640/1087] 2023_07_GB_DEN: 46.3s, 3 iter
  [641/1087] 2023_07_CLE_IND: 52.0s, 3 iter
  [642/1087] 2023_07_JAX_NO: 34.6s, 2 iter
  [643/1087] 2023_07_PIT_LA: 32.0s, 2 iter
  [644/1087] 2023_07_LAC_KC: 51.0s, 3 iter
  [645/1087] 2023_07_SF_MIN: 32.1s, 2 iter
  [646/1087] 2023_07_BUF_NE: 84.4s, 5 iter
  [647/1087] 2023_07_MIA_PHI: 48.9s, 3 iter
  [648/1087] 2023_08_BAL_ARI: 32.5s, 2 iter
  [649/1087] 2023_08_CHI_LAC: 32.4s, 2 iter
  [650/1087] 2023_07_LV_CHI: 63.1s, 4 iter
  [651/1087] 2023_07_WAS_NYG: 48.9s, 3 iter
  [652/1087] 2023_08_ATL_TEN: 47.5s, 3 iter
  [653/1087] 2023_08_CIN_SF: 31.1s, 2 iter
  [654/1087] 2023_08_HOU_CAR: 33.1s, 2 iter
  [655/1087] 2023_08_CLE_SEA: 34.1s, 2 iter
  [656/1087] 2023_08_JAX_PIT: 31.9s, 2 iter
  [657/1087] 2023_09_ARI_CLE: 0.1s, 0 iter [NOT CONVERGED]
  [658/1087] 2023_08_LA_DAL: 34.6s, 2 iter
  [659/1087] 2023_08_LV_DET: 32.4s, 2 iter
  [660/1087] 2023_08_KC_DEN: 49.2s, 3 iter
  [661/1087] 2023_08_MIN_GB: 48.4s, 3 iter
  [662/1087] 2023_08_NO_IND: 51.5s, 3 iter
  [663/1087] 2023_08_PHI_WAS: 48.7s, 3 iter
  [664/1087] 2023_08_TB_BUF: 48.5s, 3 iter
  [665/1087] 2023_08_NE_MIA: 65.8s, 4 iter
  [666/1087] 2023_08_NYJ_NYG: 65.2s, 4 iter
  [667/1087] 2023_09_CHI_NO: 48.9s, 3 iter
  [668/1087] 2023_09_MIA_KC: 16.0s, 1 iter
  [669/1087] 2023_09_BUF_CIN: 61.9s, 4 iter
  [670/1087] 2023_09_IND_CAR: 48.2s, 3 iter
  [671/1087] 2023_09_LAC_NYJ: 48.9s, 3 iter
  [672/1087] 2023_09_DAL_PHI: 66.9s, 4 iter
  [673/1087] 2023_09_SEA_BAL: 32.4s, 2 iter
  [674/1087] 2023_09_TEN_PIT: 30.8s, 2 iter
  [675/1087] 2023_09_NYG_LV: 48.8s, 3 iter
  [676/1087] 2023_09_LA_GB: 61.5s, 4 iter
  [677/1087] 2023_10_CLE_BAL: 32.7s, 2 iter
  [678/1087] 2023_09_WAS_NE: 48.8s, 3 iter
  [679/1087] 2023_09_MIN_ATL: 66.3s, 4 iter
  [680/1087] 2023_10_ATL_ARI: 48.4s, 3 iter
  [681/1087] 2023_10_DEN_BUF: 31.1s, 2 iter
  [682/1087] 2023_09_TB_HOU: 66.7s, 4 iter
  [683/1087] 2023_10_HOU_CIN: 32.3s, 2 iter
  [684/1087] 2023_10_CAR_CHI: 62.9s, 4 iter
  [685/1087] 2023_10_DET_LAC: 48.6s, 3 iter
  [686/1087] 2023_10_GB_PIT: 46.3s, 3 iter
  [687/1087] 2023_10_SF_JAX: 30.5s, 2 iter
  [688/1087] 2023_10_NO_MIN: 49.3s, 3 iter
  [689/1087] 2023_10_IND_NE: 51.2s, 3 iter
  [690/1087] 2023_10_WAS_SEA: 31.5s, 2 iter
  [691/1087] 2023_10_TEN_TB: 47.2s, 3 iter
  [692/1087] 2023_11_CHI_DET: 31.5s, 2 iter
  [693/1087] 2023_11_CIN_BAL: 31.1s, 2 iter
  [694/1087] 2023_10_NYJ_LV: 66.3s, 4 iter
  [695/1087] 2023_11_ARI_HOU: 48.2s, 3 iter
  [696/1087] 2023_10_NYG_DAL: 86.3s, 5 iter
  [697/1087] 2023_11_NYG_WAS: 32.1s, 2 iter
  [698/1087] 2023_11_LAC_GB: 47.4s, 3 iter
  [699/1087] 2023_11_MIN_DEN: 47.6s, 3 iter
  [700/1087] 2023_11_DAL_CAR: 65.9s, 4 iter
  [701/1087] 2023_11_LV_MIA: 63.6s, 4 iter
  [702/1087] 2023_11_PHI_KC: 48.9s, 3 iter
  [703/1087] 2023_11_TEN_JAX: 30.8s, 2 iter
  [704/1087] 2023_11_SEA_LA: 47.9s, 3 iter
  [705/1087] 2023_11_NYJ_BUF: 65.0s, 4 iter
  [706/1087] 2023_11_TB_SF: 47.0s, 3 iter
  [707/1087] 2023_12_BAL_LAC: 48.5s, 3 iter
  [708/1087] 2023_12_BUF_PHI: 48.2s, 3 iter
  [709/1087] 2023_12_CAR_TEN: 46.7s, 3 iter
  [710/1087] 2023_12_GB_DET: 31.4s, 2 iter
  [711/1087] 2023_11_PIT_CLE: 84.9s, 5 iter
  [712/1087] 2023_12_CHI_MIN: 48.1s, 3 iter
  [713/1087] 2023_12_JAX_HOU: 49.6s, 3 iter
  [714/1087] 2023_12_KC_LV: 49.4s, 3 iter
  [715/1087] 2023_12_CLE_DEN: 66.7s, 4 iter
  [716/1087] 2023_12_LA_ARI: 47.6s, 3 iter
  [717/1087] 2023_12_NO_ATL: 33.5s, 2 iter
  [718/1087] 2023_12_MIA_NYJ: 48.0s, 3 iter
  [719/1087] 2023_12_SF_SEA: 47.9s, 3 iter
  [720/1087] 2023_12_TB_IND: 50.8s, 3 iter
  [721/1087] 2023_12_WAS_DAL: 50.3s, 3 iter
  [722/1087] 2023_13_ARI_PIT: 48.3s, 3 iter
  [723/1087] 2023_13_CAR_TB: 49.6s, 3 iter
  [724/1087] 2023_12_NE_NYG: 86.3s, 5 iter
  [725/1087] 2023_12_PIT_CIN: 81.5s, 5 iter
  [726/1087] 2023_13_ATL_NYJ: 67.5s, 4 iter
  [727/1087] 2023_13_CIN_JAX: 64.4s, 4 iter
  [728/1087] 2023_13_SEA_DAL: 16.5s, 1 iter
  [729/1087] 2023_13_DEN_HOU: 49.3s, 3 iter
  [730/1087] 2023_13_CLE_LA: 64.7s, 4 iter
  [731/1087] 2023_13_DET_NO: 48.2s, 3 iter
  [732/1087] 2023_14_DEN_LAC: 16.5s, 1 iter
  [733/1087] 2023_13_IND_TEN: 47.3s, 3 iter
  [734/1087] 2023_13_KC_GB: 47.3s, 3 iter
  [735/1087] 2023_13_SF_PHI: 30.9s, 2 iter
  [736/1087] 2023_14_DET_CHI: 31.4s, 2 iter
  [737/1087] 2023_14_BUF_KC: 49.2s, 3 iter
  [738/1087] 2023_13_MIA_WAS: 62.3s, 4 iter
  [739/1087] 2023_13_LAC_NE: 67.7s, 4 iter
  [740/1087] 2023_14_CAR_NO: 49.7s, 3 iter
  [741/1087] 2023_14_IND_CIN: 32.7s, 2 iter
  [742/1087] 2023_14_GB_NYG: 48.3s, 3 iter
  [743/1087] 2023_14_LA_BAL: 31.5s, 2 iter
  [744/1087] 2023_14_JAX_CLE: 50.1s, 3 iter
  [745/1087] 2023_14_TB_ATL: 32.9s, 2 iter
  [746/1087] 2023_14_MIN_LV: 48.2s, 3 iter
  [747/1087] 2023_14_HOU_NYJ: 67.4s, 4 iter
  [748/1087] 2023_14_SEA_SF: 47.8s, 3 iter
  [749/1087] 2023_14_PHI_DAL: 49.9s, 3 iter
  [750/1087] 2023_14_TEN_MIA: 45.1s, 3 iter
  [751/1087] 2023_15_MIN_CIN: 0.1s, 0 iter [NOT CONVERGED]
  [752/1087] 2023_15_CHI_CLE: 32.6s, 2 iter
  [753/1087] 2023_15_BAL_JAX: 47.5s, 3 iter
  [754/1087] 2023_15_DEN_DET: 31.9s, 2 iter
  [755/1087] 2023_15_DAL_BUF: 33.7s, 2 iter
  [756/1087] 2023_15_NYG_NO: 33.1s, 2 iter
  [757/1087] 2023_15_HOU_TEN: 47.2s, 3 iter
  [758/1087] 2023_15_PIT_IND: 32.8s, 2 iter
  [759/1087] 2023_15_NYJ_MIA: 48.9s, 3 iter
  [760/1087] 2023_15_PHI_SEA: 48.8s, 3 iter
  [761/1087] 2023_15_ATL_CAR: 99.0s, 6 iter
  [762/1087] 2023_15_TB_GB: 31.7s, 2 iter
  [763/1087] 2023_15_KC_NE: 67.7s, 4 iter
  [764/1087] 2023_15_SF_ARI: 46.2s, 3 iter
  [765/1087] 2023_15_LAC_LV: 83.7s, 5 iter
  [766/1087] 2023_15_WAS_LA: 47.3s, 3 iter
  [767/1087] 2023_14_NE_PIT: 136.4s, 8 iter
  [768/1087] 2023_16_BAL_SF: 31.5s, 2 iter
  [769/1087] 2023_16_ARI_CHI: 33.1s, 2 iter
  [770/1087] 2023_16_DAL_MIA: 32.5s, 2 iter
  [771/1087] 2023_16_DET_MIN: 32.6s, 2 iter
  [772/1087] 2023_16_CIN_PIT: 48.1s, 3 iter
  [773/1087] 2023_16_CLE_HOU: 51.0s, 3 iter
  [774/1087] 2023_16_IND_ATL: 33.7s, 2 iter
  [775/1087] 2023_16_JAX_TB: 32.5s, 2 iter
  [776/1087] 2023_16_BUF_LAC: 66.0s, 4 iter
  [777/1087] 2023_16_GB_CAR: 46.6s, 3 iter
  [778/1087] 2023_16_LV_KC: 49.4s, 3 iter
  [779/1087] 2023_16_SEA_TEN: 31.4s, 2 iter
  [780/1087] 2023_16_NO_LA: 49.3s, 3 iter
  [781/1087] 2023_16_NYG_PHI: 49.3s, 3 iter
  [782/1087] 2023_17_ARI_PHI: 33.6s, 2 iter
  [783/1087] 2023_16_NE_DEN: 67.2s, 4 iter
  [784/1087] 2023_17_CIN_KC: 33.0s, 2 iter
  [785/1087] 2023_16_WAS_NYJ: 47.4s, 3 iter
  [786/1087] 2023_17_GB_MIN: 32.1s, 2 iter
  [787/1087] 2023_17_ATL_CHI: 51.4s, 3 iter
  [788/1087] 2023_17_CAR_JAX: 50.1s, 3 iter
  [789/1087] 2023_17_LV_IND: 34.0s, 2 iter
  [790/1087] 2023_17_MIA_BAL: 32.1s, 2 iter
  [791/1087] 2023_17_DET_DAL: 50.2s, 3 iter
  [792/1087] 2023_17_LA_NYG: 48.5s, 3 iter
  [793/1087] 2023_17_LAC_DEN: 51.0s, 3 iter
  [794/1087] 2023_17_NYJ_CLE: 33.3s, 2 iter
  [795/1087] 2023_17_NO_TB: 48.5s, 3 iter
  [796/1087] 2023_18_BUF_MIA: 31.5s, 2 iter
  [797/1087] 2023_18_ATL_NO: 32.7s, 2 iter
  [798/1087] 2023_17_SF_WAS: 45.4s, 3 iter
  [799/1087] 2023_17_TEN_HOU: 46.7s, 3 iter
  [800/1087] 2023_17_PIT_SEA: 65.5s, 4 iter
  [801/1087] 2023_18_CHI_GB: 46.9s, 3 iter
  [802/1087] 2023_17_NE_BUF: 83.1s, 5 iter
  [803/1087] 2023_18_DEN_LV: 49.3s, 3 iter
  [804/1087] 2023_18_CLE_CIN: 64.5s, 4 iter
  [805/1087] 2023_18_JAX_TEN: 45.6s, 3 iter
  [806/1087] 2023_18_DAL_WAS: 63.6s, 4 iter
  [807/1087] 2023_18_LA_SF: 46.7s, 3 iter
  [808/1087] 2023_18_MIN_DET: 47.5s, 3 iter
  [809/1087] 2023_18_HOU_IND: 66.6s, 4 iter
  [810/1087] 2023_18_KC_LAC: 67.1s, 4 iter
  [811/1087] 2023_18_SEA_ARI: 31.7s, 2 iter
  [812/1087] 2023_18_TB_CAR: 47.2s, 3 iter
  [813/1087] 2023_18_PHI_NYG: 66.3s, 4 iter
  [814/1087] 2024_01_ARI_BUF: 74.7s, 4 iter
  [815/1087] 2023_18_PIT_BAL: 80.8s, 5 iter
  [816/1087] 2024_01_BAL_KC: 74.3s, 4 iter
  [817/1087] 2024_01_CAR_NO: 75.5s, 4 iter
  [818/1087] 2024_01_DAL_CLE: 75.5s, 4 iter
  [819/1087] 2023_18_NYJ_NE: 118.7s, 7 iter
  [820/1087] 2024_01_HOU_IND: 55.4s, 3 iter
  [821/1087] 2024_01_GB_PHI: 73.6s, 4 iter
  [822/1087] 2024_01_DEN_SEA: 93.9s, 5 iter
  [823/1087] 2024_01_LA_DET: 55.7s, 3 iter
  [824/1087] 2024_01_JAX_MIA: 93.9s, 5 iter
  [825/1087] 2024_01_LV_LAC: 74.8s, 4 iter
  [826/1087] 2024_01_MIN_NYG: 74.9s, 4 iter
  [827/1087] 2024_02_ATL_PHI: 50.3s, 3 iter
  [828/1087] 2024_01_PIT_ATL: 75.4s, 4 iter
  [829/1087] 2024_01_TEN_CHI: 74.2s, 4 iter
  [830/1087] 2024_02_BUF_MIA: 43.9s, 3 iter
  [831/1087] 2024_02_CHI_HOU: 45.7s, 3 iter
  [832/1087] 2024_01_NYJ_SF: 94.6s, 5 iter
  [833/1087] 2024_01_NE_CIN: 114.1s, 6 iter
  [834/1087] 2024_02_CIN_KC: 56.5s, 4 iter
  [835/1087] 2024_02_CLE_JAX: 46.3s, 3 iter
  [836/1087] 2024_01_WAS_TB: 111.9s, 6 iter
  [837/1087] 2024_02_NYG_WAS: 28.0s, 2 iter
  [838/1087] 2024_02_LV_BAL: 45.6s, 3 iter
  [839/1087] 2024_02_LAC_CAR: 49.0s, 3 iter
  [840/1087] 2024_02_LA_ARI: 46.8s, 3 iter
  [841/1087] 2024_02_IND_GB: 61.6s, 4 iter
  [842/1087] 2024_02_NYJ_TEN: 42.6s, 3 iter
  [843/1087] 2024_03_DEN_TB: 30.1s, 2 iter
  [844/1087] 2024_02_SEA_NE: 48.4s, 3 iter
  [845/1087] 2024_02_SF_MIN: 43.5s, 3 iter
  [846/1087] 2024_02_NO_DAL: 72.7s, 4 iter
  [847/1087] 2024_02_TB_DET: 43.7s, 3 iter
  [848/1087] 2024_03_CAR_LV: 45.4s, 3 iter
  [849/1087] 2024_03_BAL_DAL: 50.1s, 3 iter
  [850/1087] 2024_02_PIT_DEN: 68.4s, 4 iter
  [851/1087] 2024_03_DET_ARI: 30.8s, 2 iter
  [852/1087] 2024_03_CHI_IND: 61.3s, 4 iter
  [853/1087] 2024_03_JAX_BUF: 44.5s, 3 iter
  [854/1087] 2024_03_HOU_MIN: 48.3s, 3 iter
  [855/1087] 2024_03_LAC_PIT: 47.7s, 3 iter
  [856/1087] 2024_03_MIA_SEA: 49.3s, 3 iter
  [857/1087] 2024_03_NE_NYJ: 46.1s, 3 iter
  [858/1087] 2024_03_GB_TEN: 62.5s, 4 iter
  [859/1087] 2024_03_NYG_CLE: 48.2s, 3 iter
  [860/1087] 2024_03_KC_ATL: 66.2s, 4 iter
  [861/1087] 2024_03_PHI_NO: 46.5s, 3 iter
  [862/1087] 2024_03_SF_LA: 48.7s, 3 iter
  [863/1087] 2024_04_CLE_LV: 16.0s, 1 iter
  [864/1087] 2024_03_WAS_CIN: 30.7s, 2 iter
  [865/1087] 2024_04_BUF_BAL: 32.4s, 2 iter
  [866/1087] 2024_04_DAL_NYG: 33.7s, 2 iter
  [867/1087] 2024_04_CIN_CAR: 46.1s, 3 iter
  [868/1087] 2024_04_MIN_GB: 32.0s, 2 iter
  [869/1087] 2024_04_NE_SF: 32.0s, 2 iter
  [870/1087] 2024_04_DEN_NYJ: 46.6s, 3 iter
  [871/1087] 2024_04_JAX_HOU: 47.2s, 3 iter
  [872/1087] 2024_04_PIT_IND: 33.5s, 2 iter
  [873/1087] 2024_04_PHI_TB: 47.6s, 3 iter
  [874/1087] 2024_04_SEA_DET: 33.7s, 2 iter
  [875/1087] 2024_04_LA_CHI: 71.6s, 4 iter
  [876/1087] 2024_04_KC_LAC: 79.6s, 5 iter
  [877/1087] 2024_04_TEN_MIA: 46.5s, 3 iter
  [878/1087] 2024_04_WAS_ARI: 47.2s, 3 iter
  [879/1087] 2024_05_ARI_SF: 46.7s, 3 iter
  [880/1087] 2024_04_NO_ATL: 80.6s, 5 iter
  [881/1087] 2024_05_CLE_WAS: 32.0s, 2 iter
  [882/1087] 2024_05_DAL_PIT: 33.9s, 2 iter
  [883/1087] 2024_05_BUF_HOU: 48.6s, 3 iter
  [884/1087] 2024_05_BAL_CIN: 63.2s, 4 iter
  [885/1087] 2024_05_CAR_CHI: 50.7s, 3 iter
  [886/1087] 2024_05_GB_LA: 47.6s, 3 iter
  [887/1087] 2024_05_NYG_SEA: 33.9s, 2 iter
  [888/1087] 2024_05_IND_JAX: 47.8s, 3 iter
  [889/1087] 2024_05_LV_DEN: 48.2s, 3 iter
  [890/1087] 2024_05_MIA_NE: 50.0s, 3 iter
  [891/1087] 2024_05_TB_ATL: 32.2s, 2 iter
  [892/1087] 2024_06_ARI_GB: 32.2s, 2 iter
  [893/1087] 2024_05_NYJ_MIN: 46.9s, 3 iter
  [894/1087] 2024_05_NO_KC: 65.1s, 4 iter
  [895/1087] 2024_06_ATL_CAR: 49.1s, 3 iter
  [896/1087] 2024_06_CIN_NYG: 31.9s, 2 iter
  [897/1087] 2024_06_BUF_NYJ: 47.7s, 3 iter
  [898/1087] 2024_06_CLE_PHI: 48.9s, 3 iter
  [899/1087] 2024_06_HOU_NE: 48.1s, 3 iter
  [900/1087] 2024_06_LAC_DEN: 31.7s, 2 iter
  [901/1087] 2024_06_IND_TEN: 47.7s, 3 iter
  [902/1087] 2024_06_DET_DAL: 67.1s, 4 iter
  [903/1087] 2024_06_PIT_LV: 48.9s, 3 iter
  [904/1087] 2024_06_JAX_CHI: 64.3s, 4 iter
  [905/1087] 2024_06_SF_SEA: 47.9s, 3 iter
  [906/1087] 2024_07_CAR_WAS: 31.4s, 2 iter
  [907/1087] 2024_07_CIN_CLE: 31.4s, 2 iter
  [908/1087] 2024_06_TB_NO: 62.1s, 4 iter
  [909/1087] 2024_06_WAS_BAL: 48.7s, 3 iter
  [910/1087] 2024_07_LAC_ARI: 31.1s, 2 iter
  [911/1087] 2024_07_BAL_TB: 61.6s, 4 iter
  [912/1087] 2024_07_HOU_GB: 48.6s, 3 iter
  [913/1087] 2024_07_NE_JAX: 32.0s, 2 iter
  [914/1087] 2024_07_KC_SF: 48.6s, 3 iter
  [915/1087] 2024_07_LV_LA: 47.7s, 3 iter
  [916/1087] 2024_07_DET_MIN: 64.0s, 4 iter
  [917/1087] 2024_07_MIA_IND: 52.4s, 3 iter
  [918/1087] 2024_07_DEN_NO: 82.1s, 5 iter
  [919/1087] 2024_07_NYJ_PIT: 47.3s, 3 iter
  [920/1087] 2024_07_PHI_NYG: 47.5s, 3 iter
  [921/1087] 2024_07_SEA_ATL: 50.7s, 3 iter
  [922/1087] 2024_07_TEN_BUF: 46.5s, 3 iter
  [923/1087] 2024_08_CHI_WAS: 32.4s, 2 iter
  [924/1087] 2024_08_DAL_SF: 31.9s, 2 iter
  [925/1087] 2024_08_ARI_MIA: 48.6s, 3 iter
  [926/1087] 2024_08_ATL_TB: 49.1s, 3 iter
  [927/1087] 2024_08_BAL_CLE: 47.7s, 3 iter
  [928/1087] 2024_08_BUF_SEA: 48.0s, 3 iter
  [929/1087] 2024_08_CAR_DEN: 46.4s, 3 iter
  [930/1087] 2024_08_GB_JAX: 30.5s, 2 iter
  [931/1087] 2024_08_IND_HOU: 32.0s, 2 iter
  [932/1087] 2024_08_KC_LV: 48.6s, 3 iter
  [933/1087] 2024_08_NO_LAC: 46.8s, 3 iter
  [934/1087] 2024_08_NYJ_NE: 46.3s, 3 iter
  [935/1087] 2024_08_NYG_PIT: 47.5s, 3 iter
  [936/1087] 2024_08_PHI_CIN: 47.3s, 3 iter
  [937/1087] 2024_08_TEN_DET: 46.0s, 3 iter
  [938/1087] 2024_08_MIN_LA: 61.1s, 4 iter
  [939/1087] 2024_09_CHI_ARI: 48.6s, 3 iter
  [940/1087] 2024_09_DAL_ATL: 51.7s, 3 iter
  [941/1087] 2024_09_DEN_BAL: 46.9s, 3 iter
  [942/1087] 2024_09_LA_SEA: 32.6s, 2 iter
  [943/1087] 2024_09_LV_CIN: 30.3s, 2 iter
  [944/1087] 2024_09_IND_MIN: 48.2s, 3 iter
  [945/1087] 2024_09_JAX_PHI: 47.7s, 3 iter
  [946/1087] 2024_09_NE_TEN: 30.4s, 2 iter
  [947/1087] 2024_09_LAC_CLE: 46.7s, 3 iter
  [948/1087] 2024_09_DET_GB: 63.0s, 4 iter
  [949/1087] 2024_09_HOU_NYJ: 60.5s, 4 iter
  [950/1087] 2024_09_MIA_BUF: 49.1s, 3 iter
  [951/1087] 2024_09_NO_CAR: 47.7s, 3 iter
  [952/1087] 2024_10_CIN_BAL: 30.6s, 2 iter
  [953/1087] 2024_09_WAS_NYG: 48.1s, 3 iter
  [954/1087] 2024_10_BUF_IND: 50.6s, 3 iter
  [955/1087] 2024_10_ATL_NO: 51.1s, 3 iter
  [956/1087] 2024_10_DEN_KC: 50.7s, 3 iter
  [957/1087] 2024_09_TB_KC: 64.2s, 4 iter
  [958/1087] 2024_10_DET_HOU: 47.7s, 3 iter
  [959/1087] 2024_10_MIA_LA: 50.5s, 3 iter
  [960/1087] 2024_10_MIN_JAX: 47.9s, 3 iter
  [961/1087] 2024_10_NE_CHI: 50.7s, 3 iter
  [962/1087] 2024_10_NYG_CAR: 47.8s, 3 iter
  [963/1087] 2024_10_NYJ_ARI: 46.6s, 3 iter
  [964/1087] 2024_11_ATL_DEN: 34.0s, 2 iter
  [965/1087] 2024_10_PIT_WAS: 49.7s, 3 iter
  [966/1087] 2024_10_PHI_DAL: 50.8s, 3 iter
  [967/1087] 2024_10_SF_TB: 46.4s, 3 iter
  [968/1087] 2024_10_TEN_LAC: 46.6s, 3 iter
  [969/1087] 2024_11_CIN_LAC: 47.3s, 3 iter
  [970/1087] 2024_11_BAL_PIT: 48.6s, 3 iter
  [971/1087] 2024_11_CLE_NO: 48.7s, 3 iter
  [972/1087] 2024_11_GB_CHI: 48.9s, 3 iter
  [973/1087] 2024_11_HOU_DAL: 49.6s, 3 iter
  [974/1087] 2024_11_IND_NYJ: 48.7s, 3 iter
  [975/1087] 2024_11_SEA_SF: 31.7s, 2 iter
  [976/1087] 2024_11_JAX_DET: 48.4s, 3 iter
  [977/1087] 2024_11_LA_NE: 47.6s, 3 iter
  [978/1087] 2024_11_LV_MIA: 47.4s, 3 iter
  [979/1087] 2024_11_MIN_TEN: 46.6s, 3 iter
  [980/1087] 2024_11_KC_BUF: 64.7s, 4 iter
  [981/1087] 2024_11_WAS_PHI: 47.5s, 3 iter
  [982/1087] 2024_12_ARI_SEA: 47.6s, 3 iter
  [983/1087] 2024_12_MIN_CHI: 33.2s, 2 iter
  [984/1087] 2024_12_DET_IND: 49.4s, 3 iter
  [985/1087] 2024_12_PHI_LA: 33.3s, 2 iter
  [986/1087] 2024_12_BAL_LAC: 61.2s, 4 iter
  [987/1087] 2024_12_NE_MIA: 47.4s, 3 iter
  [988/1087] 2024_12_DEN_LV: 64.2s, 4 iter
  [989/1087] 2024_12_DAL_WAS: 67.2s, 4 iter
  [990/1087] 2024_12_KC_CAR: 64.3s, 4 iter
  [991/1087] 2024_12_PIT_CLE: 49.9s, 3 iter
  [992/1087] 2024_12_SF_GB: 45.3s, 3 iter
  [993/1087] 2024_13_ARI_MIN: 31.3s, 2 iter
  [994/1087] 2024_12_TB_NYG: 45.9s, 3 iter
  [995/1087] 2024_13_CHI_DET: 32.8s, 2 iter
  [996/1087] 2024_13_CLE_DEN: 33.1s, 2 iter
  [997/1087] 2024_13_IND_NE: 32.4s, 2 iter
  [998/1087] 2024_12_TEN_HOU: 46.8s, 3 iter
  [999/1087] 2024_13_LAC_ATL: 31.7s, 2 iter
  [1000/1087] 2024_13_LA_NO: 32.5s, 2 iter
  [1001/1087] 2024_13_HOU_JAX: 47.3s, 3 iter
  [1002/1087] 2024_13_MIA_GB: 31.1s, 2 iter
  [1003/1087] 2024_13_PHI_BAL: 32.7s, 2 iter
  [1004/1087] 2024_13_LV_KC: 49.0s, 3 iter
  [1005/1087] 2024_13_TEN_WAS: 31.9s, 2 iter
  [1006/1087] 2024_14_ATL_MIN: 32.7s, 2 iter
  [1007/1087] 2024_13_SEA_NYJ: 48.1s, 3 iter
  [1008/1087] 2024_13_SF_BUF: 46.6s, 3 iter
  [1009/1087] 2024_13_TB_CAR: 45.5s, 3 iter
  [1010/1087] 2024_13_NYG_DAL: 64.5s, 4 iter
  [1011/1087] 2024_13_PIT_CIN: 63.6s, 4 iter
  [1012/1087] 2024_14_BUF_LA: 48.1s, 3 iter
  [1013/1087] 2024_14_CAR_PHI: 47.5s, 3 iter
  [1014/1087] 2024_14_CHI_SF: 46.6s, 3 iter
  [1015/1087] 2024_14_LV_TB: 30.3s, 2 iter
  [1016/1087] 2024_14_CIN_DAL: 47.5s, 3 iter
  [1017/1087] 2024_14_CLE_PIT: 48.2s, 3 iter
  [1018/1087] 2024_14_GB_DET: 46.2s, 3 iter
  [1019/1087] 2024_14_JAX_TEN: 46.4s, 3 iter
  [1020/1087] 2024_14_LAC_KC: 47.3s, 3 iter
  [1021/1087] 2024_14_NO_NYG: 47.4s, 3 iter
  [1022/1087] 2024_14_NYJ_MIA: 46.7s, 3 iter
  [1023/1087] 2024_14_SEA_ARI: 48.5s, 3 iter
  [1024/1087] 2024_15_BUF_DET: 31.8s, 2 iter
  [1025/1087] 2024_15_ATL_LV: 48.4s, 3 iter
  [1026/1087] 2024_15_CHI_MIN: 32.0s, 2 iter
  [1027/1087] 2024_15_CIN_TEN: 45.5s, 3 iter
  [1028/1087] 2024_15_IND_DEN: 32.9s, 2 iter
  [1029/1087] 2024_15_BAL_NYG: 61.6s, 4 iter
  [1030/1087] 2024_15_GB_SEA: 47.4s, 3 iter
  [1031/1087] 2024_15_LA_SF: 30.4s, 2 iter
  [1032/1087] 2024_15_NYJ_JAX: 31.2s, 2 iter
  [1033/1087] 2024_15_DAL_CAR: 63.9s, 4 iter
  [1034/1087] 2024_15_KC_CLE: 49.7s, 3 iter
  [1035/1087] 2024_15_MIA_HOU: 47.4s, 3 iter
  [1036/1087] 2024_15_NE_ARI: 46.7s, 3 iter
  [1037/1087] 2024_15_PIT_PHI: 33.5s, 2 iter
  [1038/1087] 2024_16_CLE_CIN: 32.8s, 2 iter
  [1039/1087] 2024_15_TB_LAC: 46.3s, 3 iter
  [1040/1087] 2024_16_DET_CHI: 33.5s, 2 iter
  [1041/1087] 2024_16_LA_NYJ: 31.7s, 2 iter
  [1042/1087] 2024_16_DEN_LAC: 48.2s, 3 iter
  [1043/1087] 2024_16_ARI_CAR: 63.2s, 4 iter
  [1044/1087] 2024_16_HOU_KC: 49.6s, 3 iter
  [1045/1087] 2024_16_JAX_LV: 49.4s, 3 iter
  [1046/1087] 2024_16_MIN_SEA: 49.6s, 3 iter
  [1047/1087] 2024_15_WAS_NO: 82.9s, 5 iter
  [1048/1087] 2024_16_NE_BUF: 47.7s, 3 iter
  [1049/1087] 2024_16_PIT_BAL: 32.1s, 2 iter
  [1050/1087] 2024_16_NYG_ATL: 48.9s, 3 iter
  [1051/1087] 2024_16_TB_DAL: 31.5s, 2 iter
  [1052/1087] 2024_16_NO_GB: 63.0s, 4 iter
  [1053/1087] 2024_16_TEN_IND: 31.8s, 2 iter
  [1054/1087] 2024_16_PHI_WAS: 49.2s, 3 iter
  [1055/1087] 2024_16_SF_MIA: 45.8s, 3 iter
  [1056/1087] 2024_17_CAR_TB: 30.5s, 2 iter
  [1057/1087] 2024_17_ARI_LA: 47.3s, 3 iter
  [1058/1087] 2024_17_ATL_WAS: 49.9s, 3 iter
  [1059/1087] 2024_17_BAL_HOU: 47.7s, 3 iter
  [1060/1087] 2024_17_DET_SF: 31.3s, 2 iter
  [1061/1087] 2024_17_DEN_CIN: 48.6s, 3 iter
  [1062/1087] 2024_17_GB_MIN: 46.3s, 3 iter
  [1063/1087] 2024_17_LAC_NE: 31.0s, 2 iter
  [1064/1087] 2024_17_IND_NYG: 49.7s, 3 iter
  [1065/1087] 2024_17_NYJ_BUF: 31.2s, 2 iter
  [1066/1087] 2024_17_SEA_CHI: 32.7s, 2 iter
  [1067/1087] 2024_17_KC_PIT: 66.7s, 4 iter
  [1068/1087] 2024_17_DAL_PHI: 84.3s, 5 iter
  [1069/1087] 2024_17_LV_NO: 64.1s, 4 iter
  [1070/1087] 2024_18_CAR_ATL: 47.8s, 3 iter
  [1071/1087] 2024_18_CHI_GB: 47.3s, 3 iter
  [1072/1087] 2024_18_CIN_PIT: 48.0s, 3 iter
  [1073/1087] 2024_18_JAX_IND: 33.8s, 2 iter
  [1074/1087] 2024_17_MIA_CLE: 84.1s, 5 iter
  [1075/1087] 2024_17_TEN_JAX: 81.0s, 5 iter
  [1076/1087] 2024_18_BUF_NE: 80.9s, 5 iter
  [1077/1087] 2024_18_CLE_BAL: 64.5s, 4 iter
  [1078/1087] 2024_18_MIA_NYJ: 31.5s, 2 iter
  [1079/1087] 2024_18_HOU_TEN: 63.2s, 4 iter
  [1080/1087] 2024_18_LAC_LV: 45.9s, 3 iter
  [1081/1087] 2024_18_MIN_DET: 57.8s, 4 iter
  [1082/1087] 2024_18_NO_TB: 56.5s, 4 iter
  [1083/1087] 2024_18_NYG_PHI: 58.1s, 4 iter
  [1084/1087] 2024_18_KC_DEN: 91.6s, 6 iter
  [1085/1087] 2024_18_SF_ARI: 49.9s, 4 iter
  [1086/1087] 2024_18_WAS_DAL: 63.3s, 5 iter
  [1087/1087] 2024_18_SEA_LA: 74.4s, 6 iter

Fit complete: 1087 games in 5734s (95.6 min)
Converged: 1084/1087
Census written: /Users/jw115/mlb-model/nfl/data/sim/outputs/fit_5c2/fit_census.parquet
  Season 2021: 271/271 converged (0.0% unconverged)
  Season 2022: 271/271 converged (0.0% unconverged)
  Season 2023: 270/270 converged (0.0% unconverged)
  Season 2024: 272/272 converged (0.0% unconverged)
