Week override: 2
Detected upcoming week: 2
Completed games: 0
Lines for week 2: 17 games (filtered from 17)
  CAR@ATL: spread -1.0, total 44.0 (hardrockbet_fl)
  CIN@HOU: spread +3.0, total 46.5 (hardrockbet_fl)
  CLE@TB: spread +8.5, total 41.0 (hardrockbet_fl)
  DEN@KC: spread +2.5, total 43.5 (hardrockbet_fl)
  DET@BUF: spread +4.0, total 53.5 (hardrockbet_fl)
  GB@NYJ: spread -4.0, total 44.5 (hardrockbet_fl)
  IND@KC: spread +6.0, total 48.0 (hardrockbet_fl)
  JAX@DEN: spread +2.5, total 44.5 (hardrockbet_fl)
  LV@LAC: spread +7.0, total 43.5 (hardrockbet_fl)
  MIA@SF: spread +13.0, total 45.5 (hardrockbet_fl)
  MIN@CHI: spread +5.5, total 49.0 (hardrockbet_fl)
  NO@BAL: spread +8.0, total 47.0 (hardrockbet_fl)
  NYG@LA: spread +7.0, total 48.0 (hardrockbet_fl)
  PHI@TEN: spread -7.0, total 39.5 (hardrockbet_fl)
  PIT@NE: spread +5.5, total 42.0 (hardrockbet_fl)
  SEA@ARI: spread -4.5, total 41.0 (hardrockbet_fl)
  WAS@DAL: spread +3.5, total 50.5 (hardrockbet_fl)
  Simulating CAR@ATL... 11.9s, 5 iter, margin -2.5 vs -1.0 [NOT CONVERGED]
  Simulating CIN@HOU... 12.0s, 5 iter, margin 3.4 vs +3.0 [NOT CONVERGED]
  Simulating CLE@TB... 11.7s, 5 iter, margin 7.2 vs +8.5 [NOT CONVERGED]
  Simulating DEN@KC... 11.9s, 5 iter, margin 8.8 vs +2.5 [NOT CONVERGED]
  Simulating DET@BUF... 12.0s, 5 iter, margin 8.1 vs +4.0 [NOT CONVERGED]
  Simulating GB@NYJ... 11.9s, 5 iter, margin -7.8 vs -4.0 [NOT CONVERGED]
  Simulating IND@KC... 11.9s, 5 iter, margin 2.7 vs +6.0 [NOT CONVERGED]
  Simulating JAX@DEN... 12.1s, 5 iter, margin 6.6 vs +2.5 [NOT CONVERGED]
  Simulating LV@LAC... 11.9s, 5 iter, margin 7.0 vs +7.0
  Simulating MIA@SF... 11.3s, 5 iter, margin 13.3 vs +13.0 [NOT CONVERGED]
  Simulating MIN@CHI... 11.9s, 5 iter, margin 9.2 vs +5.5 [NOT CONVERGED]
  Simulating NO@BAL... 12.0s, 5 iter, margin 12.3 vs +8.0 [NOT CONVERGED]
  Simulating NYG@LA... 6.6s, 3 iter, margin 6.5 vs +7.0
  Simulating PHI@TEN... 11.7s, 5 iter, margin -7.9 vs -7.0 [NOT CONVERGED]
  Simulating PIT@NE... 11.1s, 5 iter, margin 6.5 vs +5.5 [NOT CONVERGED]
  Simulating SEA@ARI... 11.7s, 5 iter, margin -2.8 vs -4.5 [NOT CONVERGED]
  Simulating WAS@DAL... 12.1s, 5 iter, margin 3.7 vs +3.5 [NOT CONVERGED]
Board written to /Users/jw115/mlb-model/nfl/data/sim/outputs/week=2026_02/parlay_board.md

Total runtime: 196s (3.3 min)
Games simulated: 17
